// Jest Snapshot v1, https://goo.gl/fbAQLP

exports[`Home component should match snapshot 1`] = `
<Fragment>
  <ContentContainer
    align="middle"
    className="home"
  >
    <Space
      className="space"
      direction="vertical"
      size="large"
    >
      <Row
        gutter={0}
        justify="center"
      >
        <div
          className="iconContainer"
        >
          <GiThink
            color="#fff"
            size={128}
          />
        </div>
      </Row>
      <Row
        gutter={0}
        justify="center"
      >
        <Title
          className="title"
        >
          It Depends
        </Title>
      </Row>
      <Row
        gutter={0}
        justify="center"
      >
        <Search
          className="repoInput"
          enterButton="Search"
          onSearch={[Function]}
          placeholder="Github Repository"
          prefix={
            <GoRepo
              className="repoIcon"
              color="grey"
            />
          }
          size="large"
        />
      </Row>
      <Row
        className="question-container"
        gutter={0}
        justify="center"
      >
        <div
          className="question"
          onClick={[Function]}
        >
          <AiOutlineQuestionCircle
            size="1.5em"
          />
        </div>
      </Row>
    </Space>
  </ContentContainer>
  <withConfigConsumer(Drawer)
    className="drawer"
    closable={true}
    height="85%"
    onClose={[Function]}
    placement="bottom"
    visible={false}
  >
    <ContentContainer
      align="top"
      className="drawer-content"
    >
      <ReactMarkdown
        astPlugins={Array []}
        escapeHtml={true}
        parserOptions={Object {}}
        plugins={Array []}
        rawSourcePos={false}
        renderers={Object {}}
        skipHtml={false}
        source="about.md"
        sourcePos={false}
        transformImageUri={[Function]}
        transformLinkUri={[Function]}
      />
    </ContentContainer>
  </withConfigConsumer(Drawer)>
</Fragment>
`;
