// Jest Snapshot v1, https://goo.gl/fbAQLP

exports[`Header component should match snapshot 1`] = `
<Fragment>
  <Row
    className="header"
    gutter={0}
    justify="space-between"
  >
    <Col
      xs={2}
    >
      <div
        className="button-container"
        onClick={[Function]}
      >
        <Button
          block={false}
          className="button"
          ghost={false}
          htmlType="button"
          icon={
            <GiThink
              size={32}
            />
          }
          loading={false}
          shape="circle"
          size="large"
          type="primary"
        />
      </div>
    </Col>
    <Col
      xs={22}
    >
      <Row
        gutter={0}
        justify="end"
      >
        <Col>
          <Select
            bordered={true}
            choiceTransitionName="zoom"
            className="order-select"
            onChange={[MockFunction]}
            transitionName="slide-up"
            value="descending"
          >
            <Option
              value="descending"
            >
              Descending
            </Option>
            <Option
              value="ascending"
            >
              Ascending
            </Option>
            <Option
              value="directory"
            >
              Directory
            </Option>
          </Select>
        </Col>
        <Col
          md={10}
          xs={16}
        >
          <Connect(Slider) />
        </Col>
        <Col
          className="dropdownContainer"
        >
          <Connect(Dropdown)
            icon={
              <FiGitCommit
                size={28}
              />
            }
          />
        </Col>
      </Row>
    </Col>
  </Row>
</Fragment>
`;
